<html>
<body>
<pre>
<h1>µVision Build Log</h1>
<h2>Project:</h2>
U:\My Documents\CS1021 Projects\Lab-2-2-Flags2\Flags2.uvproj
Project File Date:  10/21/2016

<h2>Output:</h2>
Rebuild target 'External SDRAM'
assembling Flags2.s...
linking...
Program Size: Code=760 RO-data=32 RW-data=4 ZI-data=4364  
".\Flags2.axf" - 0 Errors, 0 Warning(s).
Rebuild target 'External SDRAM'
assembling Flags2.s...
linking...
Program Size: Code=760 RO-data=32 RW-data=4 ZI-data=4364  
".\Flags2.axf" - 0 Errors, 0 Warning(s).
