


ARM Macro Assembler    Page 1 


    1 00000000                 AREA             FirstProgram, CODE, READONLY
    2 00000000                 IMPORT           main
    3 00000000                 EXPORT           start
    4 00000000         
    5 00000000         start
    6 00000000         
    7 00000000 4608            MOV              R0, R1
    8 00000002 4400            ADD              R0, R0, R0
    9 00000004 4400            ADD              R0, R0, R0
   10 00000006 4400            ADD              R0, R0, R0
   11 00000008         
   12 00000008 E7FE    stop    B                stop
   13 0000000A         
   14 0000000A                 END
Command Line: --debug --xref --diag_suppress=9931 --cpu=Cortex-M0 --apcs=interw
ork --depend=.\firstprogram.d -o.\firstprogram.o -IC:\Keil_v5\ARM\RV31\INC -IC:
\Keil_v5\ARM\CMSIS\Include -IC:\Keil_v5\ARM\PACK\ARM\CMSIS\4.5.0\Device\ARM\ARM
CM0\Include --predefine="__EVAL SETA 1" --predefine="__UVISION_VERSION SETA 521
" --list=.\firstprogram.lst FirstProgram.s



ARM Macro Assembler    Page 1 Alphabetic symbol ordering
Relocatable symbols

FirstProgram 00000000

Symbol: FirstProgram
   Definitions
      At line 1 in file FirstProgram.s
   Uses
      None
Comment: FirstProgram unused
start 00000000

Symbol: start
   Definitions
      At line 5 in file FirstProgram.s
   Uses
      At line 3 in file FirstProgram.s
Comment: start used once
stop 00000008

Symbol: stop
   Definitions
      At line 12 in file FirstProgram.s
   Uses
      At line 12 in file FirstProgram.s
Comment: stop used once
3 symbols



ARM Macro Assembler    Page 1 Alphabetic symbol ordering
External symbols

main 00000000

Symbol: main
   Definitions
      At line 2 in file FirstProgram.s
   Uses
      None
Comment: main unused
1 symbol
336 symbols in table
