<html>
<body>
<pre>
<h1>µVision Build Log</h1>
<h2>Project:</h2>
C:\Users\Dooleyb1\Desktop\Lab.2.1.ValToDec\Val2Dec.uvproj
Project File Date:  02/03/2017

<h2>Output:</h2>
Rebuild target 'Simulator'
assembling Val2Dec.s...
Val2Dec.s(77): error: A1517E: Unexpected operator equal to or equivalent to =
".\Val2Dec.axf" - 1 Errors, 0 Warning(s).
Target not created
Rebuild target 'Simulator'
assembling Val2Dec.s...
linking...
Program Size: Code=972 RO-data=32 RW-data=20 ZI-data=4364  
".\Val2Dec.axf" - 0 Errors, 0 Warning(s).
Rebuild target 'Simulator'
assembling Val2Dec.s...
linking...
Program Size: Code=972 RO-data=32 RW-data=20 ZI-data=4364  
".\Val2Dec.axf" - 0 Errors, 0 Warning(s).
Rebuild target 'Simulator'
assembling Val2Dec.s...
linking...
Program Size: Code=972 RO-data=32 RW-data=20 ZI-data=4364  
".\Val2Dec.axf" - 0 Errors, 0 Warning(s).
Rebuild target 'Simulator'
assembling Val2Dec.s...
linking...
Program Size: Code=972 RO-data=32 RW-data=20 ZI-data=4364  
".\Val2Dec.axf" - 0 Errors, 0 Warning(s).
Rebuild target 'Simulator'
assembling Val2Dec.s...
linking...
Program Size: Code=968 RO-data=32 RW-data=20 ZI-data=4364  
".\Val2Dec.axf" - 0 Errors, 0 Warning(s).
Rebuild target 'Simulator'
assembling Val2Dec.s...
linking...
Program Size: Code=972 RO-data=32 RW-data=20 ZI-data=4364  
".\Val2Dec.axf" - 0 Errors, 0 Warning(s).
Rebuild target 'Simulator'
assembling Val2Dec.s...
linking...
Program Size: Code=968 RO-data=32 RW-data=20 ZI-data=4364  
".\Val2Dec.axf" - 0 Errors, 0 Warning(s).
Rebuild target 'Simulator'
assembling Val2Dec.s...
linking...
Program Size: Code=968 RO-data=32 RW-data=20 ZI-data=4364  
".\Val2Dec.axf" - 0 Errors, 0 Warning(s).
Rebuild target 'Simulator'
assembling Val2Dec.s...
linking...
Program Size: Code=968 RO-data=32 RW-data=20 ZI-data=4364  
".\Val2Dec.axf" - 0 Errors, 0 Warning(s).
Rebuild target 'Simulator'
assembling Val2Dec.s...
linking...
Program Size: Code=968 RO-data=32 RW-data=20 ZI-data=4364  
".\Val2Dec.axf" - 0 Errors, 0 Warning(s).
Rebuild target 'Simulator'
assembling Val2Dec.s...
linking...
Program Size: Code=968 RO-data=32 RW-data=20 ZI-data=4364  
".\Val2Dec.axf" - 0 Errors, 0 Warning(s).
Rebuild target 'Simulator'
assembling Val2Dec.s...
linking...
Program Size: Code=968 RO-data=32 RW-data=20 ZI-data=4364  
".\Val2Dec.axf" - 0 Errors, 0 Warning(s).
Rebuild target 'Simulator'
assembling Val2Dec.s...
linking...
Program Size: Code=832 RO-data=32 RW-data=20 ZI-data=4364  
".\Val2Dec.axf" - 0 Errors, 0 Warning(s).
Rebuild target 'Simulator'
assembling Val2Dec.s...
linking...
Program Size: Code=836 RO-data=32 RW-data=20 ZI-data=4364  
".\Val2Dec.axf" - 0 Errors, 0 Warning(s).
Rebuild target 'Simulator'
assembling Val2Dec.s...
linking...
Program Size: Code=836 RO-data=32 RW-data=20 ZI-data=4364  
".\Val2Dec.axf" - 0 Errors, 0 Warning(s).
Rebuild target 'Simulator'
assembling Val2Dec.s...
linking...
Program Size: Code=832 RO-data=32 RW-data=20 ZI-data=4364  
".\Val2Dec.axf" - 0 Errors, 0 Warning(s).
Rebuild target 'Simulator'
assembling Val2Dec.s...
linking...
Program Size: Code=832 RO-data=32 RW-data=20 ZI-data=4364  
".\Val2Dec.axf" - 0 Errors, 0 Warning(s).
Rebuild target 'Simulator'
assembling Val2Dec.s...
linking...
Program Size: Code=832 RO-data=32 RW-data=20 ZI-data=4364  
".\Val2Dec.axf" - 0 Errors, 0 Warning(s).
Rebuild target 'Simulator'
assembling Val2Dec.s...
linking...
Program Size: Code=828 RO-data=32 RW-data=20 ZI-data=4364  
".\Val2Dec.axf" - 0 Errors, 0 Warning(s).
Rebuild target 'Simulator'
assembling Val2Dec.s...
linking...
Program Size: Code=824 RO-data=32 RW-data=20 ZI-data=4364  
".\Val2Dec.axf" - 0 Errors, 0 Warning(s).
Rebuild target 'Simulator'
assembling Val2Dec.s...
linking...
Program Size: Code=824 RO-data=32 RW-data=20 ZI-data=4364  
".\Val2Dec.axf" - 0 Errors, 0 Warning(s).
Build target 'Simulator'
assembling Val2Dec.s...
linking...
Program Size: Code=824 RO-data=32 RW-data=20 ZI-data=4364  
".\Val2Dec.axf" - 0 Errors, 0 Warning(s).
Rebuild target 'Simulator'
assembling Val2Dec.s...
linking...
Program Size: Code=824 RO-data=32 RW-data=20 ZI-data=4364  
".\Val2Dec.axf" - 0 Errors, 0 Warning(s).
Rebuild target 'Simulator'
assembling Val2Dec.s...
linking...
Program Size: Code=828 RO-data=32 RW-data=20 ZI-data=4364  
".\Val2Dec.axf" - 0 Errors, 0 Warning(s).
Rebuild target 'Simulator'
assembling Val2Dec.s...
linking...
Program Size: Code=832 RO-data=32 RW-data=20 ZI-data=4364  
".\Val2Dec.axf" - 0 Errors, 0 Warning(s).
Rebuild target 'Simulator'
assembling Val2Dec.s...
linking...
Program Size: Code=832 RO-data=32 RW-data=20 ZI-data=4364  
".\Val2Dec.axf" - 0 Errors, 0 Warning(s).
